To honour the JVM settings for this build a single-use Daemon process will be forked. For more on this, please refer to https://docs.gradle.org/9.3.1/userguide/gradle_daemon.html#sec:disabling_the_daemon in the Gradle documentation.
Daemon will be stopped at the end of the build 

> Configure project :app
WARNING: The option setting 'android.builtInKotlin=false' is deprecated.
The current default is 'true'.
It will be removed in version 10.0 of the Android Gradle plugin.
WARNING: The option setting 'android.newDsl=false' is deprecated.
The current default is 'true'.
It will be removed in version 10.0 of the Android Gradle plugin.
WARNING: The property android.dependency.excludeLibraryComponentsFromConstraints improves project import performance for very large projects. It should be enabled to improve performance.
To suppress this warning, add android.generateSyncIssueWhenLibraryConstraintsAreEnabled=false to gradle.properties
WARNING: The property android.dependency.excludeLibraryComponentsFromConstraints improves project import performance for very large projects. It should be enabled to improve performance.
To suppress this warning, add android.generateSyncIssueWhenLibraryConstraintsAreEnabled=false to gradle.properties
WARNING: The property android.dependency.excludeLibraryComponentsFromConstraints improves project import performance for very large projects. It should be enabled to improve performance.
To suppress this warning, add android.generateSyncIssueWhenLibraryConstraintsAreEnabled=false to gradle.properties
WARNING: The property android.dependency.excludeLibraryComponentsFromConstraints improves project import performance for very large projects. It should be enabled to improve performance.
To suppress this warning, add android.generateSyncIssueWhenLibraryConstraintsAreEnabled=false to gradle.properties
w: Deprecated 'org.jetbrains.kotlin.android' plugin usage
The 'org.jetbrains.kotlin.android' plugin in project ':app' is no longer required for Kotlin support since AGP 9.0.
Solution:
Remove both `android.builtInKotlin=true` and `android.newDsl=false` from `gradle.properties`, then migrate to built-in Kotlin.
See https://kotl.in/gradle/agp-built-in-kotlin for more details.


> Task :app:checkKotlinGradlePluginConfigurationErrors SKIPPED
> Task :app:preBuild UP-TO-DATE
> Task :app:preDebugBuild UP-TO-DATE
> Task :app:generateDebugBuildConfig UP-TO-DATE
> Task :app:generateDebugResources UP-TO-DATE
> Task :app:packageDebugResources UP-TO-DATE
> Task :app:processDebugNavigationResources UP-TO-DATE
> Task :app:parseDebugLocalResources UP-TO-DATE
> Task :app:generateDebugRFile
> Task :app:kspDebugKotlin
WARN: C:\Users\adam-\GitHub\StarlitCoffee\app\build\intermediates\compile_r_class_jar\debug\generateDebugRFile\R.jar: C:\Users\adam-\GitHub\StarlitCoffee\app\build\intermediates\compile_r_class_jar\debug\generateDebugRFile\R.jar
java.nio.file.NoSuchFileException: C:\Users\adam-\GitHub\StarlitCoffee\app\build\intermediates\compile_r_class_jar\debug\generateDebugRFile\R.jar
	at java.base/sun.nio.fs.WindowsException.translateToIOException(WindowsException.java:85)
	at java.base/sun.nio.fs.WindowsException.rethrowAsIOException(WindowsException.java:103)
	at java.base/sun.nio.fs.WindowsException.rethrowAsIOException(WindowsException.java:108)
	at java.base/sun.nio.fs.WindowsFileAttributeViews$Basic.readAttributes(WindowsFileAttributeViews.java:53)
	at java.base/sun.nio.fs.WindowsFileAttributeViews$Basic.readAttributes(WindowsFileAttributeViews.java:38)
	at java.base/sun.nio.fs.WindowsFileSystemProvider.readAttributes(WindowsFileSystemProvider.java:197)
	at java.base/java.nio.file.Files.readAttributes(Files.java:1854)
	at ksp.com.intellij.openapi.vfs.impl.ZipHandler$1.createAccessor(ZipHandler.java:19)
	at ksp.com.intellij.openapi.vfs.impl.ZipHandler$1.createAccessor(ZipHandler.java:15)
	at ksp.com.intellij.util.io.FileAccessorCache.createHandle(FileAccessorCache.java:77)
	at ksp.com.intellij.util.io.FileAccessorCache.lambda$get$0(FileAccessorCache.java:66)
	at ksp.com.intellij.util.io.FileAccessorCache.withUpdateLock(FileAccessorCache.java:142)
	at ksp.com.intellij.util.io.FileAccessorCache.get(FileAccessorCache.java:62)
	at ksp.com.intellij.openapi.vfs.impl.ZipHandler.acquireZipHandle(ZipHandler.java:46)
	at ksp.com.intellij.openapi.vfs.impl.ZipHandlerBase.createEntriesMap(ZipHandlerBase.java:63)
	at ksp.com.intellij.openapi.vfs.impl.ArchiveHandler.getEntriesMap(ArchiveHandler.java:193)
	at ksp.com.intellij.openapi.vfs.impl.jar.CoreJarHandler.<init>(CoreJarHandler.java:25)
	at ksp.com.intellij.openapi.vfs.impl.jar.CoreJarFileSystem.lambda$new$0(CoreJarFileSystem.java:17)
	at ksp.com.intellij.util.containers.ConcurrentFactoryMap$2.create(ConcurrentFactoryMap.java:174)
	at ksp.com.intellij.util.containers.ConcurrentFactoryMap.get(ConcurrentFactoryMap.java:40)
	at ksp.com.intellij.openapi.vfs.impl.jar.CoreJarFileSystem.findFileByPath(CoreJarFileSystem.java:27)
	at ksp.org.jetbrains.kotlin.analysis.api.standalone.base.projectStructure.StandaloneProjectFactory.getVirtualFilesForLibraryRoots(StandaloneProjectFactory.kt:485)
	at com.google.devtools.ksp.standalone.KspLibraryModuleBuilder.build(KspLibraryModuleBuilder.kt:56)
	at com.google.devtools.ksp.standalone.KspLibraryModuleBuilder.build(KspLibraryModuleBuilder.kt:49)
	at com.google.devtools.ksp.impl.KotlinSymbolProcessing.createAASession$lambda$0$addModuleDependencies(KotlinSymbolProcessing.kt:889)
	at com.google.devtools.ksp.impl.KotlinSymbolProcessing.createAASession(KotlinSymbolProcessing.kt:226)
	at com.google.devtools.ksp.impl.KotlinSymbolProcessing.execute(KotlinSymbolProcessing.kt:471)
	at com.google.devtools.ksp.impl.KSPLoader$Companion.loadAndRunKSP(KSPLoader.kt:37)
	at com.google.devtools.ksp.impl.KSPLoader.loadAndRunKSP(KSPLoader.kt)
	at java.base/jdk.internal.reflect.DirectMethodHandleAccessor.invoke(DirectMethodHandleAccessor.java:103)
	at java.base/java.lang.reflect.Method.invoke(Method.java:580)
	at com.google.devtools.ksp.gradle.KspAAWorkerAction.execute(KspAATask.kt:709)
	at org.gradle.workers.internal.DefaultWorkerServer.execute(DefaultWorkerServer.java:68)
	at org.gradle.workers.internal.NoIsolationWorkerFactory$1$1.create(NoIsolationWorkerFactory.java:64)
	at org.gradle.workers.internal.NoIsolationWorkerFactory$1$1.create(NoIsolationWorkerFactory.java:61)
	at org.gradle.internal.classloader.ClassLoaderUtils.executeInClassloader(ClassLoaderUtils.java:102)
	at org.gradle.workers.internal.NoIsolationWorkerFactory$1.lambda$execute$0(NoIsolationWorkerFactory.java:61)
	at org.gradle.workers.internal.AbstractWorker$1.call(AbstractWorker.java:44)
	at org.gradle.workers.internal.AbstractWorker$1.call(AbstractWorker.java:41)
	at org.gradle.internal.operations.DefaultBuildOperationRunner$CallableBuildOperationWorker.execute(DefaultBuildOperationRunner.java:209)
	at org.gradle.internal.operations.DefaultBuildOperationRunner$CallableBuildOperationWorker.execute(DefaultBuildOperationRunner.java:204)
	at org.gradle.internal.operations.DefaultBuildOperationRunner$2.execute(DefaultBuildOperationRunner.java:66)
	at org.gradle.internal.operations.DefaultBuildOperationRunner$2.execute(DefaultBuildOperationRunner.java:59)
	at org.gradle.internal.operations.DefaultBuildOperationRunner.execute(DefaultBuildOperationRunner.java:166)
	at org.gradle.internal.operations.DefaultBuildOperationRunner.execute(DefaultBuildOperationRunner.java:59)
	at org.gradle.internal.operations.DefaultBuildOperationRunner.call(DefaultBuildOperationRunner.java:53)
	at org.gradle.workers.internal.AbstractWorker.executeWrappedInBuildOperation(AbstractWorker.java:41)
	at org.gradle.workers.internal.NoIsolationWorkerFactory$1.execute(NoIsolationWorkerFactory.java:58)
	at org.gradle.workers.internal.DefaultWorkerExecutor.lambda$submitWork$0(DefaultWorkerExecutor.java:176)
	at java.base/java.util.concurrent.FutureTask.run(FutureTask.java:317)
	at org.gradle.internal.work.DefaultConditionalExecutionQueue$ExecutionRunner.runExecution(DefaultConditionalExecutionQueue.java:194)
	at org.gradle.internal.work.DefaultConditionalExecutionQueue$ExecutionRunner.access$700(DefaultConditionalExecutionQueue.java:127)
	at org.gradle.internal.work.DefaultConditionalExecutionQueue$ExecutionRunner$1.run(DefaultConditionalExecutionQueue.java:169)
	at org.gradle.internal.Factories$1.create(Factories.java:30)
	at org.gradle.internal.work.DefaultWorkerLeaseService.lambda$withLocksAcquired$0(DefaultWorkerLeaseService.java:269)
	at org.gradle.internal.work.ResourceLockStatistics$1.measure(ResourceLockStatistics.java:42)
	at org.gradle.internal.work.DefaultWorkerLeaseService.withLocksAcquired(DefaultWorkerLeaseService.java:267)
	at org.gradle.internal.work.DefaultWorkerLeaseService.withLocks(DefaultWorkerLeaseService.java:259)
	at org.gradle.internal.work.DefaultWorkerLeaseService.runAsWorkerThread(DefaultWorkerLeaseService.java:127)
	at org.gradle.internal.work.DefaultWorkerLeaseService.runAsWorkerThread(DefaultWorkerLeaseService.java:132)
	at org.gradle.internal.work.DefaultConditionalExecutionQueue$ExecutionRunner.runBatch(DefaultConditionalExecutionQueue.java:164)
	at org.gradle.internal.work.DefaultConditionalExecutionQueue$ExecutionRunner.run(DefaultConditionalExecutionQueue.java:133)
	at java.base/java.util.concurrent.Executors$RunnableAdapter.call(Executors.java:572)
	at java.base/java.util.concurrent.FutureTask.run(FutureTask.java:317)
	at org.gradle.internal.concurrent.ExecutorPolicy$CatchAndRecordFailures.onExecute(ExecutorPolicy.java:64)
	at org.gradle.internal.concurrent.AbstractManagedExecutor$1.run(AbstractManagedExecutor.java:47)
	at java.base/java.util.concurrent.ThreadPoolExecutor.runWorker(ThreadPoolExecutor.java:1144)
	at java.base/java.util.concurrent.ThreadPoolExecutor$Worker.run(ThreadPoolExecutor.java:642)
	at java.base/java.lang.Thread.run(Thread.java:1583)
Failed to delete old native lib: C:\Users\adam-\AppData\Local\Temp\sqlite-3.41.2.2-0c988180-97fd-432f-ba91-37fd1de79e13-sqlitejdbc.dll
Failed to delete old native lib: C:\Users\adam-\AppData\Local\Temp\sqlite-3.41.2.2-38f8a8bb-6e98-436c-a44c-c684405f739f-sqlitejdbc.dll

> Task :app:compileDebugKotlin
e: org.jetbrains.kotlin.util.FileAnalysisException: Somewhere in file C:/Users/adam-/GitHub/StarlitCoffee/app/build/generated/ksp/debug/kotlin/com/adsamcik/starlitcoffee/data/db/AppDatabase_Impl.kt: java.io.FileNotFoundException: C:\Users\adam-\GitHub\StarlitCoffee\app\build\generated\source\buildConfig\debug\com\adsamcik\starlitcoffee\BuildConfig.java (The system cannot find the path specified)
	at org.jetbrains.kotlin.util.AnalysisExceptionsKt.wrapIntoFileAnalysisExceptionIfNeeded(AnalysisExceptions.kt:62)
	at org.jetbrains.kotlin.fir.FirCliExceptionHandler.handleExceptionOnFileAnalysis(Utils.kt:269)
	at org.jetbrains.kotlin.fir.resolve.transformers.FirImportResolveTransformer.transformFile(FirImportResolveTransformer.kt:84)
	at org.jetbrains.kotlin.fir.declarations.FirFile.transform(FirFile.kt:47)
	at org.jetbrains.kotlin.fir.resolve.transformers.FirTransformerBasedResolveProcessor.processFile(FirResolveProcessor.kt:53)
	at org.jetbrains.kotlin.fir.resolve.transformers.FirTotalResolveProcessor.process(FirTotalResolveProcessor.kt:36)
	at org.jetbrains.kotlin.fir.pipeline.AnalyseKt.runResolution(analyse.kt:24)
	at org.jetbrains.kotlin.fir.pipeline.FirUtilsKt.resolveAndCheckFir(firUtils.kt:76)
	at org.jetbrains.kotlin.cli.pipeline.jvm.JvmFrontendPipelinePhase.executePhase(JvmFrontendPipelinePhase.kt:269)
	at org.jetbrains.kotlin.cli.pipeline.jvm.JvmFrontendPipelinePhase.executePhase(JvmFrontendPipelinePhase.kt:55)
	at org.jetbrains.kotlin.cli.pipeline.PipelinePhase.phaseBody(PipelinePhase.kt:68)
	at org.jetbrains.kotlin.cli.pipeline.PipelinePhase.phaseBody(PipelinePhase.kt:58)
	at org.jetbrains.kotlin.config.phaser.NamedCompilerPhase.invoke(CompilerPhase.kt:102)
	at org.jetbrains.kotlin.backend.common.phaser.CompositePhase.invoke(PhaseBuilders.kt:22)
	at org.jetbrains.kotlin.config.phaser.CompilerPhaseKt.invokeToplevel(CompilerPhase.kt:53)
	at org.jetbrains.kotlin.cli.pipeline.AbstractCliPipeline.runPhasedPipeline(AbstractCliPipeline.kt:109)
	at org.jetbrains.kotlin.cli.pipeline.AbstractCliPipeline.execute(AbstractCliPipeline.kt:68)
	at org.jetbrains.kotlin.cli.jvm.K2JVMCompiler.doExecutePhased(K2JVMCompiler.kt:51)
	at org.jetbrains.kotlin.cli.jvm.K2JVMCompiler.doExecutePhased(K2JVMCompiler.kt:42)
	at org.jetbrains.kotlin.cli.common.CLICompiler.execImpl(CLICompiler.kt:89)
	at org.jetbrains.kotlin.cli.common.CLICompiler.exec(CLICompiler.kt:359)
	at org.jetbrains.kotlin.cli.common.CLICompiler.exec(CLICompiler.kt:337)
	at org.jetbrains.kotlin.cli.common.CLICompiler.execAndOutputXml(CLICompiler.kt:73)
	at java.base/jdk.internal.reflect.DirectMethodHandleAccessor.invoke(DirectMethodHandleAccessor.java:103)
	at java.base/java.lang.reflect.Method.invoke(Method.java:580)
	at org.jetbrains.kotlin.compilerRunner.GradleKotlinCompilerWork.compileInProcessImpl(GradleKotlinCompilerWork.kt:372)
	at org.jetbrains.kotlin.compilerRunner.GradleKotlinCompilerWork.access$compileInProcessImpl(GradleKotlinCompilerWork.kt:81)
	at org.jetbrains.kotlin.compilerRunner.GradleKotlinCompilerWork$compileInProcess$future$1.call(GradleKotlinCompilerWork.kt:345)
	at org.jetbrains.kotlin.compilerRunner.GradleKotlinCompilerWork$compileInProcess$future$1.call(GradleKotlinCompilerWork.kt:344)
	at java.base/java.util.concurrent.FutureTask.run(FutureTask.java:317)
	at java.base/java.util.concurrent.ThreadPoolExecutor.runWorker(ThreadPoolExecutor.java:1144)
	at java.base/java.util.concurrent.ThreadPoolExecutor$Worker.run(ThreadPoolExecutor.java:642)
	at java.base/java.lang.Thread.run(Thread.java:1583)
Caused by: java.io.FileNotFoundException: C:\Users\adam-\GitHub\StarlitCoffee\app\build\generated\source\buildConfig\debug\com\adsamcik\starlitcoffee\BuildConfig.java (The system cannot find the path specified)
	at java.base/java.io.FileInputStream.open0(Native Method)
	at java.base/java.io.FileInputStream.open(FileInputStream.java:213)
	at java.base/java.io.FileInputStream.<init>(FileInputStream.java:152)
	at org.jetbrains.kotlin.com.intellij.openapi.util.io.FileUtil.loadFileBytes(FileUtil.java:187)
	at org.jetbrains.kotlin.cli.common.localfs.KotlinLocalVirtualFile.contentsToByteArray(KotlinLocalVirtualFile.kt:108)
	at org.jetbrains.kotlin.cli.jvm.index.SingleJavaFileRootsIndex$JavaSourceClassIdReader.<init>(SingleJavaFileRootsIndex.kt:67)
	at org.jetbrains.kotlin.cli.jvm.index.SingleJavaFileRootsIndex.getClassIdsForRootAt(SingleJavaFileRootsIndex.kt:56)
	at org.jetbrains.kotlin.cli.jvm.index.SingleJavaFileRootsIndex.findJavaSourceClasses(SingleJavaFileRootsIndex.kt:52)
	at org.jetbrains.kotlin.cli.jvm.compiler.KotlinCliJavaFileManagerImpl.knownClassNamesInPackage(KotlinCliJavaFileManagerImpl.kt:304)
	at org.jetbrains.kotlin.resolve.jvm.KotlinJavaPsiFacade$CliFinder.knownClassNamesInPackage(KotlinJavaPsiFacade.java:548)
	at org.jetbrains.kotlin.resolve.jvm.KotlinJavaPsiFacade.knownClassNamesInPackage(KotlinJavaPsiFacade.java:251)
	at org.jetbrains.kotlin.load.java.JavaClassFinderImpl.knownClassNamesInPackage(JavaClassFinderImpl.kt:68)
	at org.jetbrains.kotlin.fir.java.FirJavaFacade$special$$inlined$createCache$2.invoke(FirCachesFactory.kt:163)
	at org.jetbrains.kotlin.fir.java.FirJavaFacade$special$$inlined$createCache$2.invoke(FirCachesFactory.kt:147)
	at org.jetbrains.kotlin.fir.caches.FirThreadUnsafeCache.getValue(FirThreadUnsafeCachesFactory.kt:57)
	at org.jetbrains.kotlin.fir.java.FirJavaFacade.knownClassNamesInPackage(FirJavaFacade.kt:764)
	at org.jetbrains.kotlin.fir.java.FirJavaFacade$special$$inlined$createCache$1.invoke(FirCachesFactory.kt:163)
	at org.jetbrains.kotlin.fir.java.FirJavaFacade$special$$inlined$createCache$1.invoke(FirCachesFactory.kt:147)
	at org.jetbrains.kotlin.fir.caches.FirThreadUnsafeCache.getValue(FirThreadUnsafeCachesFactory.kt:57)
	at org.jetbrains.kotlin.fir.java.FirJavaFacade.hasPackage(FirJavaFacade.kt:763)
	at org.jetbrains.kotlin.fir.java.JavaSymbolProvider.hasPackage(JavaSymbolProvider.kt:70)
	at org.jetbrains.kotlin.fir.resolve.providers.impl.FirCachingCompositeSymbolProvider.computePackage(FirCachingCompositeSymbolProvider.kt:144)
	at org.jetbrains.kotlin.fir.resolve.providers.impl.FirCachingCompositeSymbolProvider.access$computePackage(FirCachingCompositeSymbolProvider.kt:27)
	at org.jetbrains.kotlin.fir.resolve.providers.impl.FirCachingCompositeSymbolProvider$special$$inlined$createCache$5.invoke(FirCachesFactory.kt:163)
	at org.jetbrains.kotlin.fir.resolve.providers.impl.FirCachingCompositeSymbolProvider$special$$inlined$createCache$5.invoke(FirCachesFactory.kt:147)
	at org.jetbrains.kotlin.fir.caches.FirThreadUnsafeCache.getValue(FirThreadUnsafeCachesFactory.kt:57)
	at org.jetbrains.kotlin.fir.resolve.providers.impl.FirCachingCompositeSymbolProvider.hasPackage(FirCachingCompositeSymbolProvider.kt:173)
	at org.jetbrains.kotlin.fir.resolve.transformers.ImportUtilsKt.findLongestExistingPackage(ImportUtils.kt:30)
	at org.jetbrains.kotlin.fir.resolve.transformers.FirImportResolveTransformer.transformImportForFqName(FirImportResolveTransformer.kt:71)
	at org.jetbrains.kotlin.fir.resolve.transformers.FirImportResolveTransformer.transformImport(FirImportResolveTransformer.kt:64)
	at org.jetbrains.kotlin.fir.declarations.FirImport.transform(FirImport.kt:34)
	at org.jetbrains.kotlin.fir.visitors.FirTransformerUtilKt.transformInplace(FirTransformerUtil.kt:20)
	at org.jetbrains.kotlin.fir.declarations.impl.FirFileImpl.transformImports(FirFileImpl.kt:78)
	at org.jetbrains.kotlin.fir.declarations.impl.FirFileImpl.transformChildren(FirFileImpl.kt:67)
	at org.jetbrains.kotlin.fir.declarations.impl.FirFileImpl.transformChildren(FirFileImpl.kt:29)
	at org.jetbrains.kotlin.fir.resolve.transformers.FirImportResolveTransformer.transformFile(FirImportResolveTransformer.kt:44)
	... 30 more

e: Compiler terminated with internal error

> Task :app:compileDebugKotlin FAILED
w: Detected multiple Kotlin daemon sessions at 

[Incubating] Problems report is available at: file:///C:/Users/adam-/GitHub/StarlitCoffee/build/reports/problems/problems-report.html

FAILURE: Build failed with an exception.

* What went wrong:
Execution failed for task ':app:compileDebugKotlin'.
> A failure occurred while executing org.jetbrains.kotlin.compilerRunner.GradleCompilerRunnerWithWorkers$GradleKotlinCompilerWorkAction
   > Internal compiler error. See log for more details

* Try:
> Run with --stacktrace option to get the stack trace.
> Run with --info or --debug option to get more log output.
> Run with --scan to get full insights from a Build Scan (powered by Develocity).
> Get more help at https://help.gradle.org.

Deprecated Gradle features were used in this build, making it incompatible with Gradle 10.

You can use '--warning-mode all' to show the individual deprecation warnings and determine if they come from your own scripts or plugins.

For more on this, please refer to https://docs.gradle.org/9.3.1/userguide/command_line_interface.html#sec:command_line_warnings in the Gradle documentation.

BUILD FAILED in 8m 39s
8 actionable tasks: 3 executed, 5 up-to-date
