Initialized native services in: C:\Users\adam-\.gradle\native
Initialized jansi services in: C:\Users\adam-\.gradle\native
The client will now receive all logging from the daemon (pid: 156636). The daemon log file: C:\Users\adam-\.gradle\daemon\9.3.1\daemon-156636.out.log
Starting 5th build in daemon [uptime: 11 mins 41.183 secs, performance: 100%, GC rate: 0.00/s, heap usage: 0% of 2 GiB]
Using 8 worker leases.
Operational build model parameters: {requiresToolingModels=false, parallelProjectExecution=false, configureOnDemand=false, configurationCache=false, configurationCacheParallelStore=false, configurationCacheParallelLoad=true, isolatedProjects=false, parallelProjectConfiguration=false, intermediateModelCache=false, parallelToolingApiActions=false, invalidateCoupledProjects=false, modelAsProjectDependency=false, resilientModelBuilding=false}
Now considering [C:\Users\adam-\GitHub\StarlitCoffee] as hierarchies to watch
Watching the file system is configured to be enabled if available
File system watching is active
Starting Build
Resolved plugin [id: 'org.gradle.toolchains.foojay-resolver-convention', version: '0.10.0']
Settings evaluated using settings file 'C:\Users\adam-\GitHub\StarlitCoffee\settings.gradle.kts'.
Projects loaded. Root project using build file 'C:\Users\adam-\GitHub\StarlitCoffee\build.gradle.kts'.
Included projects: [root project 'StarlitCoffee', project ':app']

> Configure project :
Evaluating root project 'StarlitCoffee' using build file 'C:\Users\adam-\GitHub\StarlitCoffee\build.gradle.kts'.
Resolved plugin [id: 'com.android.application', version: '9.1.0', apply: false]
Resolved plugin [id: 'org.jetbrains.kotlin.plugin.serialization', version: '2.3.10', apply: false]
Resolved plugin [id: 'org.jetbrains.kotlin.plugin.compose', version: '2.3.10', apply: false]
Resolved plugin [id: 'com.google.devtools.ksp', version: '2.3.6', apply: false]

> Configure project :app
Evaluating project ':app' using build file 'C:\Users\adam-\GitHub\StarlitCoffee\app\build.gradle.kts'.
Resolved plugin [id: 'com.android.application', version: '9.1.0']
Resolved plugin [id: 'org.jetbrains.kotlin.plugin.serialization', version: '2.3.10']
Resolved plugin [id: 'org.jetbrains.kotlin.plugin.compose', version: '2.3.10']
Resolved plugin [id: 'com.google.devtools.ksp', version: '2.3.6']
Build 3847a776-4134-4aa9-b67d-754cbdc0ace1 is started
Using default execution profile
WARNING: The property android.dependency.excludeLibraryComponentsFromConstraints improves project import performance for very large projects. It should be enabled to improve performance.
To suppress this warning, add android.generateSyncIssueWhenLibraryConstraintsAreEnabled=false to gradle.properties
WARNING: The property android.dependency.excludeLibraryComponentsFromConstraints improves project import performance for very large projects. It should be enabled to improve performance.
To suppress this warning, add android.generateSyncIssueWhenLibraryConstraintsAreEnabled=false to gradle.properties
WARNING: The property android.dependency.excludeLibraryComponentsFromConstraints improves project import performance for very large projects. It should be enabled to improve performance.
To suppress this warning, add android.generateSyncIssueWhenLibraryConstraintsAreEnabled=false to gradle.properties
WARNING: The property android.dependency.excludeLibraryComponentsFromConstraints improves project import performance for very large projects. It should be enabled to improve performance.
To suppress this warning, add android.generateSyncIssueWhenLibraryConstraintsAreEnabled=false to gradle.properties
Detected Android Gradle Plugin compose compiler configuration
Detected Android Gradle Plugin compose compiler configuration
Detected Android Gradle Plugin compose compiler configuration
Detected Android Gradle Plugin compose compiler configuration
All projects evaluated.
Task name matched 'testDebugUnitTest'
Selected primary task 'testDebugUnitTest' from project :
Adding -Xuse-inline-scopes-numbers Kotlin compiler flag for task :app:compileDebugKotlin
Tasks to be executed: [task ':app:preBuild', task ':app:preDebugBuild', task ':app:generateDebugResources', task ':app:packageDebugResources', task ':app:processDebugNavigationResources', task ':app:parseDebugLocalResources', task ':app:generateDebugRFile', task ':app:kspDebugKotlin', task ':app:compileDebugKotlin', task ':app:javaPreCompileDebug', task ':app:compileDebugJavaWithJavac', task ':app:checkDebugAarMetadata', task ':app:mapDebugSourceSetPaths', task ':app:compileDebugNavigationResources', task ':app:mergeDebugResources', task ':app:createDebugCompatibleScreenManifests', task ':app:extractDeepLinksDebug', task ':app:processDebugMainManifest', task ':app:processDebugManifest', task ':app:processDebugManifestForPackage', task ':app:processDebugResources', task ':app:bundleDebugClassesToRuntimeJar', task ':app:bundleDebugClassesToCompileJar', task ':app:kspDebugUnitTestKotlin', task ':app:preDebugUnitTestBuild', task ':app:compileDebugUnitTestKotlin', task ':app:javaPreCompileDebugUnitTest', task ':app:compileDebugUnitTestJavaWithJavac', task ':app:processDebugJavaRes', task ':app:processDebugUnitTestJavaRes', task ':app:testDebugUnitTest']
Tasks that were excluded: []
Resolve mutations for :app:preBuild (Thread[#541,included builds,5,main]) started.
:app:preBuild (Thread[#541,included builds,5,main]) started.

> Task :app:preBuild UP-TO-DATE
Skipping task ':app:preBuild' as it has no actions.
Resolve mutations for :app:preDebugBuild (Thread[#541,included builds,5,main]) started.
:app:preDebugBuild (Thread[#541,included builds,5,main]) started.

> Task :app:preDebugBuild UP-TO-DATE
Skipping task ':app:preDebugBuild' as it has no actions.
Resolve mutations for :app:generateDebugResources (Thread[#541,included builds,5,main]) started.
:app:generateDebugResources (Thread[#542,Execution worker,5,main]) started.

> Task :app:generateDebugResources UP-TO-DATE
Caching disabled for task ':app:generateDebugResources' because:
  Build cache is disabled
Skipping task ':app:generateDebugResources' as it is up-to-date.
Resolve mutations for :app:packageDebugResources (Thread[#542,Execution worker,5,main]) started.
:app:packageDebugResources (Thread[#542,Execution worker,5,main]) started.

> Task :app:packageDebugResources UP-TO-DATE
Caching disabled for task ':app:packageDebugResources' because:
  Build cache is disabled
Skipping task ':app:packageDebugResources' as it is up-to-date.
Resolve mutations for :app:processDebugNavigationResources (Thread[#542,Execution worker,5,main]) started.
:app:processDebugNavigationResources (Thread[#542,Execution worker,5,main]) started.

> Task :app:processDebugNavigationResources UP-TO-DATE
Caching disabled for task ':app:processDebugNavigationResources' because:
  Build cache is disabled
Skipping task ':app:processDebugNavigationResources' as it is up-to-date.
Resolve mutations for :app:parseDebugLocalResources (Thread[#542,Execution worker,5,main]) started.
:app:parseDebugLocalResources (Thread[#542,Execution worker,5,main]) started.

> Task :app:parseDebugLocalResources UP-TO-DATE
Caching disabled for task ':app:parseDebugLocalResources' because:
  Build cache is disabled
Skipping task ':app:parseDebugLocalResources' as it is up-to-date.
Resolve mutations for :app:generateDebugRFile (Thread[#542,Execution worker,5,main]) started.
:app:generateDebugRFile (Thread[#542,Execution worker,5,main]) started.

> Task :app:generateDebugRFile UP-TO-DATE
Caching disabled for task ':app:generateDebugRFile' because:
  Build cache is disabled
Skipping task ':app:generateDebugRFile' as it is up-to-date.
Resolve mutations for :app:kspDebugKotlin (Thread[#542,Execution worker,5,main]) started.
:app:kspDebugKotlin (Thread[#547,Execution worker Thread 6,5,main]) started.
Resolve mutations for :app:javaPreCompileDebug (Thread[#541,included builds,5,main]) started.
:app:javaPreCompileDebug (Thread[#541,included builds,5,main]) started.

> Task :app:javaPreCompileDebug UP-TO-DATE
Caching disabled for task ':app:javaPreCompileDebug' because:
  Build cache is disabled
Skipping task ':app:javaPreCompileDebug' as it is up-to-date.
Resolve mutations for :app:checkDebugAarMetadata (Thread[#541,included builds,5,main]) started.
:app:checkDebugAarMetadata (Thread[#541,included builds,5,main]) started.

> Task :app:checkDebugAarMetadata UP-TO-DATE
Caching disabled for task ':app:checkDebugAarMetadata' because:
  Build cache is disabled
  Caching has been disabled for the task
Skipping task ':app:checkDebugAarMetadata' as it is up-to-date.
Resolve mutations for :app:mapDebugSourceSetPaths (Thread[#541,included builds,5,main]) started.
:app:mapDebugSourceSetPaths (Thread[#541,included builds,5,main]) started.

> Task :app:mapDebugSourceSetPaths UP-TO-DATE
Caching disabled for task ':app:mapDebugSourceSetPaths' because:
  Build cache is disabled
  Caching has been disabled for the task
Skipping task ':app:mapDebugSourceSetPaths' as it is up-to-date.
Resolve mutations for :app:compileDebugNavigationResources (Thread[#542,Execution worker,5,main]) started.
:app:compileDebugNavigationResources (Thread[#541,included builds,5,main]) started.

> Task :app:compileDebugNavigationResources UP-TO-DATE
Caching disabled for task ':app:compileDebugNavigationResources' because:
  Build cache is disabled
Skipping task ':app:compileDebugNavigationResources' as it is up-to-date.
Resolve mutations for :app:mergeDebugResources (Thread[#541,included builds,5,main]) started.
:app:mergeDebugResources (Thread[#541,included builds,5,main]) started.

> Task :app:mergeDebugResources UP-TO-DATE
Caching disabled for task ':app:mergeDebugResources' because:
  Build cache is disabled
Skipping task ':app:mergeDebugResources' as it is up-to-date.
Resolve mutations for :app:createDebugCompatibleScreenManifests (Thread[#541,included builds,5,main]) started.
:app:createDebugCompatibleScreenManifests (Thread[#542,Execution worker,5,main]) started.

> Task :app:createDebugCompatibleScreenManifests UP-TO-DATE
Caching disabled for task ':app:createDebugCompatibleScreenManifests' because:
  Build cache is disabled
  Caching has been disabled for the task
Skipping task ':app:createDebugCompatibleScreenManifests' as it is up-to-date.
Resolve mutations for :app:extractDeepLinksDebug (Thread[#542,Execution worker,5,main]) started.
:app:extractDeepLinksDebug (Thread[#542,Execution worker,5,main]) started.

> Task :app:extractDeepLinksDebug UP-TO-DATE
Caching disabled for task ':app:extractDeepLinksDebug' because:
  Build cache is disabled
Skipping task ':app:extractDeepLinksDebug' as it is up-to-date.
Resolve mutations for :app:processDebugMainManifest (Thread[#542,Execution worker,5,main]) started.
:app:processDebugMainManifest (Thread[#541,included builds,5,main]) started.

> Task :app:processDebugMainManifest UP-TO-DATE
Caching disabled for task ':app:processDebugMainManifest' because:
  Build cache is disabled
Skipping task ':app:processDebugMainManifest' as it is up-to-date.
Resolve mutations for :app:processDebugManifest (Thread[#541,included builds,5,main]) started.
:app:processDebugManifest (Thread[#541,included builds,5,main]) started.

> Task :app:processDebugManifest UP-TO-DATE
Caching disabled for task ':app:processDebugManifest' because:
  Build cache is disabled
Skipping task ':app:processDebugManifest' as it is up-to-date.
Resolve mutations for :app:processDebugManifestForPackage (Thread[#541,included builds,5,main]) started.
:app:processDebugManifestForPackage (Thread[#541,included builds,5,main]) started.

> Task :app:processDebugManifestForPackage UP-TO-DATE
Custom actions are attached to task ':app:processDebugManifestForPackage'.
Caching disabled for task ':app:processDebugManifestForPackage' because:
  Build cache is disabled
Skipping task ':app:processDebugManifestForPackage' as it is up-to-date.
Resolve mutations for :app:processDebugResources (Thread[#541,included builds,5,main]) started.
:app:processDebugResources (Thread[#541,included builds,5,main]) started.

> Task :app:processDebugResources UP-TO-DATE
Caching disabled for task ':app:processDebugResources' because:
  Build cache is disabled
Skipping task ':app:processDebugResources' as it is up-to-date.
Resolve mutations for :app:preDebugUnitTestBuild (Thread[#542,Execution worker,5,main]) started.
:app:preDebugUnitTestBuild (Thread[#542,Execution worker,5,main]) started.

> Task :app:preDebugUnitTestBuild UP-TO-DATE
Skipping task ':app:preDebugUnitTestBuild' as it has no actions.
Resolve mutations for :app:javaPreCompileDebugUnitTest (Thread[#542,Execution worker,5,main]) started.
:app:javaPreCompileDebugUnitTest (Thread[#542,Execution worker,5,main]) started.

> Task :app:javaPreCompileDebugUnitTest UP-TO-DATE
Caching disabled for task ':app:javaPreCompileDebugUnitTest' because:
  Build cache is disabled
Skipping task ':app:javaPreCompileDebugUnitTest' as it is up-to-date.

> Task :app:kspDebugKotlin
Caching disabled for task ':app:kspDebugKotlin' because:
  Build cache is disabled
Task ':app:kspDebugKotlin' is not up-to-date because:
  Value of input property 'kspConfig.logLevel' has changed for task ':app:kspDebugKotlin'
The input changes require a full rebuild for incremental task ':app:kspDebugKotlin'.
i: [ksp] loaded provider(s): [androidx.room.RoomKspProcessor$Provider]
Resolve mutations for :app:compileDebugKotlin (Thread[#542,Execution worker,5,main]) started.
:app:compileDebugKotlin (Thread[#542,Execution worker,5,main]) started.

> Task :app:compileDebugKotlin UP-TO-DATE
file or directory 'C:\Users\adam-\GitHub\StarlitCoffee\app\src\main\kotlin', not found
file or directory 'C:\Users\adam-\GitHub\StarlitCoffee\app\src\debug\java', not found
file or directory 'C:\Users\adam-\GitHub\StarlitCoffee\app\src\debug\kotlin', not found
file or directory 'C:\Users\adam-\GitHub\StarlitCoffee\app\src\debug\java', not found
file or directory 'C:\Users\adam-\GitHub\StarlitCoffee\app\src\main\kotlin', not found
file or directory 'C:\Users\adam-\GitHub\StarlitCoffee\app\src\debug\java', not found
file or directory 'C:\Users\adam-\GitHub\StarlitCoffee\app\src\debug\kotlin', not found
file or directory 'C:\Users\adam-\GitHub\StarlitCoffee\app\src\debug\java', not found
file or directory 'C:\Users\adam-\GitHub\StarlitCoffee\app\src\main\kotlin', not found
file or directory 'C:\Users\adam-\GitHub\StarlitCoffee\app\src\debug\java', not found
file or directory 'C:\Users\adam-\GitHub\StarlitCoffee\app\src\debug\kotlin', not found
file or directory 'C:\Users\adam-\GitHub\StarlitCoffee\app\src\debug\java', not found
Custom actions are attached to task ':app:compileDebugKotlin'.
Caching disabled for task ':app:compileDebugKotlin' because:
  Build cache is disabled
Skipping task ':app:compileDebugKotlin' as it is up-to-date.
Resolve mutations for :app:compileDebugJavaWithJavac (Thread[#542,Execution worker,5,main]) started.
:app:compileDebugJavaWithJavac (Thread[#542,Execution worker,5,main]) started.

> Task :app:compileDebugJavaWithJavac NO-SOURCE
Skipping task ':app:compileDebugJavaWithJavac' as it has no source files and no previous output files.
Resolve mutations for :app:bundleDebugClassesToRuntimeJar (Thread[#542,Execution worker,5,main]) started.
:app:bundleDebugClassesToRuntimeJar (Thread[#542,Execution worker,5,main]) started.

> Task :app:bundleDebugClassesToRuntimeJar UP-TO-DATE
Caching disabled for task ':app:bundleDebugClassesToRuntimeJar' because:
  Build cache is disabled
  Caching has been disabled for the task
Skipping task ':app:bundleDebugClassesToRuntimeJar' as it is up-to-date.
work action resolve classes.jar (project :app) (Thread[#542,Execution worker,5,main]) started.
Resolve mutations for :app:bundleDebugClassesToCompileJar (Thread[#542,Execution worker,5,main]) started.
:app:bundleDebugClassesToCompileJar (Thread[#542,Execution worker,5,main]) started.

> Task :app:bundleDebugClassesToCompileJar UP-TO-DATE
Caching disabled for task ':app:bundleDebugClassesToCompileJar' because:
  Build cache is disabled
  Caching has been disabled for the task
Skipping task ':app:bundleDebugClassesToCompileJar' as it is up-to-date.
work action resolve classes.jar (project :app) (Thread[#542,Execution worker,5,main]) started.
Resolve mutations for :app:kspDebugUnitTestKotlin (Thread[#543,Execution worker Thread 2,5,main]) started.
:app:kspDebugUnitTestKotlin (Thread[#543,Execution worker Thread 2,5,main]) started.
Resolve mutations for :app:processDebugJavaRes (Thread[#542,Execution worker,5,main]) started.
:app:processDebugJavaRes (Thread[#542,Execution worker,5,main]) started.

> Task :app:processDebugJavaRes UP-TO-DATE
file or directory 'C:\Users\adam-\GitHub\StarlitCoffee\app\src\main\resources', not found
file or directory 'C:\Users\adam-\GitHub\StarlitCoffee\app\src\debug\resources', not found
Caching disabled for task ':app:processDebugJavaRes' because:
  Build cache is disabled
  Caching has been disabled for the task
Skipping task ':app:processDebugJavaRes' as it is up-to-date.
work action resolve out (project :app) (Thread[#548,Execution worker Thread 7,5,main]) started.

> Task :app:kspDebugUnitTestKotlin
Caching disabled for task ':app:kspDebugUnitTestKotlin' because:
  Build cache is disabled
Task ':app:kspDebugUnitTestKotlin' is not up-to-date because:
  Value of input property 'kspConfig.logLevel' has changed for task ':app:kspDebugUnitTestKotlin'
The input changes require a full rebuild for incremental task ':app:kspDebugUnitTestKotlin'.
i: [ksp] loaded provider(s): [androidx.room.RoomKspProcessor$Provider]
Resolve mutations for :app:compileDebugUnitTestKotlin (Thread[#543,Execution worker Thread 2,5,main]) started.
:app:compileDebugUnitTestKotlin (Thread[#543,Execution worker Thread 2,5,main]) started.

> Task :app:compileDebugUnitTestKotlin
file or directory 'C:\Users\adam-\GitHub\StarlitCoffee\app\src\test\kotlin', not found
file or directory 'C:\Users\adam-\GitHub\StarlitCoffee\app\src\testDebug\java', not found
file or directory 'C:\Users\adam-\GitHub\StarlitCoffee\app\src\testDebug\kotlin', not found
file or directory 'C:\Users\adam-\GitHub\StarlitCoffee\app\src\testDebug\java', not found
file or directory 'C:\Users\adam-\GitHub\StarlitCoffee\app\src\test\kotlin', not found
file or directory 'C:\Users\adam-\GitHub\StarlitCoffee\app\src\testDebug\java', not found
file or directory 'C:\Users\adam-\GitHub\StarlitCoffee\app\src\testDebug\kotlin', not found
file or directory 'C:\Users\adam-\GitHub\StarlitCoffee\app\src\testDebug\java', not found
file or directory 'C:\Users\adam-\GitHub\StarlitCoffee\app\src\test\kotlin', not found
file or directory 'C:\Users\adam-\GitHub\StarlitCoffee\app\src\testDebug\java', not found
file or directory 'C:\Users\adam-\GitHub\StarlitCoffee\app\src\testDebug\kotlin', not found
file or directory 'C:\Users\adam-\GitHub\StarlitCoffee\app\src\testDebug\java', not found
Custom actions are attached to task ':app:compileDebugUnitTestKotlin'.
Caching disabled for task ':app:compileDebugUnitTestKotlin' because:
  Build cache is disabled
Task ':app:compileDebugUnitTestKotlin' is not up-to-date because:
  Input property 'sources' file C:\Users\adam-\GitHub\StarlitCoffee\app\src\test\java\com\adsamcik\starlitcoffee\audio\RealAudioIntegrationTest.kt has changed.
file or directory 'C:\Users\adam-\GitHub\StarlitCoffee\app\src\test\kotlin', not found
file or directory 'C:\Users\adam-\GitHub\StarlitCoffee\app\src\test\kotlin', not found
file or directory 'C:\Users\adam-\GitHub\StarlitCoffee\app\src\testDebug\java', not found
file or directory 'C:\Users\adam-\GitHub\StarlitCoffee\app\src\testDebug\java', not found
file or directory 'C:\Users\adam-\GitHub\StarlitCoffee\app\src\testDebug\kotlin', not found
file or directory 'C:\Users\adam-\GitHub\StarlitCoffee\app\src\testDebug\kotlin', not found
file or directory 'C:\Users\adam-\GitHub\StarlitCoffee\app\src\testDebug\java', not found
file or directory 'C:\Users\adam-\GitHub\StarlitCoffee\app\src\testDebug\java', not found
file or directory 'C:\Users\adam-\GitHub\StarlitCoffee\app\build\generated\ksp\debugUnitTest\java', not found
file or directory 'C:\Users\adam-\GitHub\StarlitCoffee\app\build\generated\ksp\debugUnitTest\kotlin', not found
file or directory 'C:\Users\adam-\GitHub\StarlitCoffee\app\src\test\kotlin', not found
file or directory 'C:\Users\adam-\GitHub\StarlitCoffee\app\src\test\kotlin', not found
file or directory 'C:\Users\adam-\GitHub\StarlitCoffee\app\src\testDebug\java', not found
file or directory 'C:\Users\adam-\GitHub\StarlitCoffee\app\src\testDebug\java', not found
file or directory 'C:\Users\adam-\GitHub\StarlitCoffee\app\src\testDebug\kotlin', not found
file or directory 'C:\Users\adam-\GitHub\StarlitCoffee\app\src\testDebug\kotlin', not found
file or directory 'C:\Users\adam-\GitHub\StarlitCoffee\app\src\testDebug\java', not found
file or directory 'C:\Users\adam-\GitHub\StarlitCoffee\app\src\testDebug\java', not found
file or directory 'C:\Users\adam-\GitHub\StarlitCoffee\app\build\generated\ksp\debugUnitTest\java', not found
file or directory 'C:\Users\adam-\GitHub\StarlitCoffee\app\build\generated\ksp\debugUnitTest\kotlin', not found
file or directory 'C:\Users\adam-\GitHub\StarlitCoffee\app\src\test\kotlin', not found
file or directory 'C:\Users\adam-\GitHub\StarlitCoffee\app\src\test\kotlin', not found
file or directory 'C:\Users\adam-\GitHub\StarlitCoffee\app\src\testDebug\java', not found
file or directory 'C:\Users\adam-\GitHub\StarlitCoffee\app\src\testDebug\java', not found
file or directory 'C:\Users\adam-\GitHub\StarlitCoffee\app\src\testDebug\kotlin', not found
file or directory 'C:\Users\adam-\GitHub\StarlitCoffee\app\src\testDebug\kotlin', not found
file or directory 'C:\Users\adam-\GitHub\StarlitCoffee\app\src\testDebug\java', not found
file or directory 'C:\Users\adam-\GitHub\StarlitCoffee\app\src\testDebug\java', not found
file or directory 'C:\Users\adam-\GitHub\StarlitCoffee\app\build\generated\ksp\debugUnitTest\java', not found
file or directory 'C:\Users\adam-\GitHub\StarlitCoffee\app\build\generated\ksp\debugUnitTest\kotlin', not found
file or directory 'C:\Users\adam-\GitHub\StarlitCoffee\app\src\test\kotlin', not found
file or directory 'C:\Users\adam-\GitHub\StarlitCoffee\app\src\test\kotlin', not found
file or directory 'C:\Users\adam-\GitHub\StarlitCoffee\app\src\testDebug\java', not found
file or directory 'C:\Users\adam-\GitHub\StarlitCoffee\app\src\testDebug\java', not found
file or directory 'C:\Users\adam-\GitHub\StarlitCoffee\app\src\testDebug\kotlin', not found
file or directory 'C:\Users\adam-\GitHub\StarlitCoffee\app\src\testDebug\kotlin', not found
file or directory 'C:\Users\adam-\GitHub\StarlitCoffee\app\src\testDebug\java', not found
file or directory 'C:\Users\adam-\GitHub\StarlitCoffee\app\src\testDebug\java', not found
file or directory 'C:\Users\adam-\GitHub\StarlitCoffee\app\build\generated\ksp\debugUnitTest\java', not found
file or directory 'C:\Users\adam-\GitHub\StarlitCoffee\app\build\generated\ksp\debugUnitTest\kotlin', not found
Kotlin source files: C:\Users\adam-\GitHub\StarlitCoffee\app\src\test\java\com\adsamcik\starlitcoffee\ai\ExtractionParsingTest.kt, C:\Users\adam-\GitHub\StarlitCoffee\app\src\test\java\com\adsamcik\starlitcoffee\ai\GroundingCheckerTest.kt, C:\Users\adam-\GitHub\StarlitCoffee\app\src\test\java\com\adsamcik\starlitcoffee\audio\ActiveProbeTest.kt, C:\Users\adam-\GitHub\StarlitCoffee\app\src\test\java\com\adsamcik\starlitcoffee\audio\AudioAnalyzerTest.kt, C:\Users\adam-\GitHub\StarlitCoffee\app\src\test\java\com\adsamcik\starlitcoffee\audio\AudioPreProcessorTest.kt, C:\Users\adam-\GitHub\StarlitCoffee\app\src\test\java\com\adsamcik\starlitcoffee\audio\AudioRecorderTest.kt, C:\Users\adam-\GitHub\StarlitCoffee\app\src\test\java\com\adsamcik\starlitcoffee\audio\BrewEventDetectorTest.kt, C:\Users\adam-\GitHub\StarlitCoffee\app\src\test\java\com\adsamcik\starlitcoffee\audio\FftEngineTest.kt, C:\Users\adam-\GitHub\StarlitCoffee\app\src\test\java\com\adsamcik\starlitcoffee\audio\RealAudioIntegrationTest.kt, C:\Users\adam-\GitHub\StarlitCoffee\app\src\test\java\com\adsamcik\starlitcoffee\audio\SpectralAnalyzerTest.kt, C:\Users\adam-\GitHub\StarlitCoffee\app\src\test\java\com\adsamcik\starlitcoffee\audio\SyntheticBrewScenarioTest.kt, C:\Users\adam-\GitHub\StarlitCoffee\app\src\test\java\com\adsamcik\starlitcoffee\audio\SyntheticSignals.kt, C:\Users\adam-\GitHub\StarlitCoffee\app\src\test\java\com\adsamcik\starlitcoffee\data\model\CoffeeFieldSealedInterfaceTest.kt, C:\Users\adam-\GitHub\StarlitCoffee\app\src\test\java\com\adsamcik\starlitcoffee\util\OcrFieldExtractorTest.kt, C:\Users\adam-\GitHub\StarlitCoffee\app\src\test\java\com\adsamcik\starlitcoffee\viewmodel\BrewViewModelTest.kt
Java source files: 
Script source files: 
Script file extensions: 
Using Kotlin/JVM incremental compilation
[KOTLIN] Kotlin compilation 'jdkHome' argument: C:\Users\adam-\.gradle\jdks\jetbrains_s_r_o_-21-amd64-windows.2
Options for KOTLIN DAEMON: IncrementalCompilationOptions(super=CompilationOptions(compilerMode=INCREMENTAL_COMPILER, targetPlatform=JVM, reportCategories=[0, 3], reportSeverity=2, requestedCompilationResults=[0], kotlinScriptExtensions=[]), sourceChanges=org.jetbrains.kotlin.buildtools.api.SourcesChanges$Known@66fa7ee4, classpathChanges=NoChanges, workingDir=C:\Users\adam-\GitHub\StarlitCoffee\app\build\kotlin\compileDebugUnitTestKotlin\cacheable, multiModuleICSettings=MultiModuleICSettings(buildHistoryFile=C:\Users\adam-\GitHub\StarlitCoffee\app\build\kotlin\compileDebugUnitTestKotlin\local-state\build-history.bin, useModuleDetection=true), icFeatures=IncrementalCompilationFeatures(usePreciseJavaTracking=true, withAbiSnapshot=false, preciseCompilationResultsBackup=true, keepIncrementalCompilationCachesInMemory=true, enableUnsafeIncrementalCompilationForMultiplatform=false, enableMonotonousIncrementalCompileSetExpansion=true), outputFiles=[C:\Users\adam-\GitHub\StarlitCoffee\app\build\intermediates\built_in_kotlinc\debugUnitTest\compileDebugUnitTestKotlin\classes, C:\Users\adam-\GitHub\StarlitCoffee\app\build\kotlin\compileDebugUnitTestKotlin\cacheable, C:\Users\adam-\GitHub\StarlitCoffee\app\build\kotlin\compileDebugUnitTestKotlin\local-state])
Finished executing kotlin compiler using DAEMON strategy
Resolve mutations for :app:compileDebugUnitTestJavaWithJavac (Thread[#543,Execution worker Thread 2,5,main]) started.
:app:compileDebugUnitTestJavaWithJavac (Thread[#543,Execution worker Thread 2,5,main]) started.

> Task :app:compileDebugUnitTestJavaWithJavac NO-SOURCE
Skipping task ':app:compileDebugUnitTestJavaWithJavac' as it has no source files and no previous output files.
Resolve mutations for :app:processDebugUnitTestJavaRes (Thread[#543,Execution worker Thread 2,5,main]) started.
:app:processDebugUnitTestJavaRes (Thread[#543,Execution worker Thread 2,5,main]) started.

> Task :app:processDebugUnitTestJavaRes UP-TO-DATE
file or directory 'C:\Users\adam-\GitHub\StarlitCoffee\app\src\testDebug\resources', not found
Caching disabled for task ':app:processDebugUnitTestJavaRes' because:
  Build cache is disabled
  Caching has been disabled for the task
Skipping task ':app:processDebugUnitTestJavaRes' as it is up-to-date.
Resolve mutations for :app:testDebugUnitTest (Thread[#541,included builds,5,main]) started.
:app:testDebugUnitTest (Thread[#541,included builds,5,main]) started.

> Task :app:testDebugUnitTest
Caching disabled for task ':app:testDebugUnitTest' because:
  Build cache is disabled
Task ':app:testDebugUnitTest' is not up-to-date because:
  Task has failed previously.
file or directory 'C:\Users\adam-\GitHub\StarlitCoffee\app\build\generated\ksp\debugUnitTest\resources', not found
file or directory 'C:\Users\adam-\GitHub\StarlitCoffee\app\build\generated\ksp\debugUnitTest\classes', not found
file or directory 'C:\Users\adam-\GitHub\StarlitCoffee\app\build\intermediates\javac\debugUnitTest\compileDebugUnitTestJavaWithJavac\classes', not found
Starting process 'Gradle Test Executor 5'. Working directory: C:\Users\adam-\GitHub\StarlitCoffee\app Command: C:\Users\adam-\.gradle\jdks\jetbrains_s_r_o_-21-amd64-windows.2\bin\java.exe -Djava.awt.headless=true -Djava.library.path=C:\Users\adam-\.gradle\jdks\jetbrains_s_r_o_-21-amd64-windows.2\bin;C:\WINDOWS\Sun\Java\bin;C:\WINDOWS\system32;C:\WINDOWS;C:\Program Files\WindowsApps\Microsoft.PowerShell_7.5.4.0_x64__8wekyb3d8bbwe;C:\Program Files\Eclipse Adoptium\jdk-17.0.18.8-hotspot\bin;C:\WINDOWS\system32;C:\WINDOWS;C:\WINDOWS\System32\Wbem;C:\WINDOWS\System32\WindowsPowerShell\v1.0\;C:\WINDOWS\System32\OpenSSH\;C:\Program Files\dotnet\;C:\Program Files\Microsoft SQL Server\150\Tools\Binn\;C:\Program Files\Microsoft SQL Server\Client SDK\ODBC\170\Tools\Binn\;C:\Program Files\nodejs\;C:\Program Files\Microsoft SQL Server\170\Tools\Binn\;C:\Program Files\Docker\Docker\resources\bin;C:\Program Files\Git\cmd;C:\Program Files\Netbird;C:\Program Files\GitHub CLI\;C:\Program Files\WinGet\Links;C:\Users\adam-\.cargo\bin;C:\Users\adam-\.local\bin;C:\Users\adam-\AppData\Local\Microsoft\WindowsApps;C:\Users\adam-\AppData\Local\Programs\Microsoft VS Code\bin;C:\Users\adam-\AppData\Local\GitHubDesktop\bin;C:\Users\adam-\.dotnet\tools;C:\Users\adam-\AppData\Roaming\npm;C:\texlive\2025\bin\windows;C:\Users\adam-\AppData\Local\Microsoft\WinGet\Packages\GitHub.Copilot_Microsoft.Winget.Source_8wekyb3d8bbwe;C:\Users\adam-\AppData\Local\Microsoft\WinGet\Packages\Gyan.FFmpeg_Microsoft.Winget.Source_8wekyb3d8bbwe\ffmpeg-8.0.1-full_build\bin;;.;C:\Users\adam-\GitHub\StarlitCoffee\app\src\testDebug\jniLibs;C:\Users\adam-\GitHub\StarlitCoffee\app\src\test\jniLibs -Dorg.gradle.internal.worker.tmpdir=C:\Users\adam-\GitHub\StarlitCoffee\app\build\tmp\testDebugUnitTest\work --add-opens=java.base/java.io=ALL-UNNAMED @C:\Users\adam-\.gradle\.tmp\gradle-worker-classpath11371683104125033649txt -Xmx512m -Dfile.encoding=UTF-8 -Duser.country=GB -Duser.language=en -Duser.variant -ea worker.org.gradle.process.internal.worker.GradleWorkerMain 'Gradle Test Executor 5'
Successfully started process 'Gradle Test Executor 5'

Gradle Test Executor 5 started executing tests.

> Task :app:testDebugUnitTest

RealAudioIntegrationTest > full pour then silence reaches DRIPPING or COMPLETE FAILED
    java.lang.AssertionError: After pour then silence, should be DRIPPING or COMPLETE, got POURING
        at org.junit.Assert.fail(Assert.java:89)
        at org.junit.Assert.assertTrue(Assert.java:42)
        at com.adsamcik.starlitcoffee.audio.RealAudioIntegrationTest.full pour then silence reaches DRIPPING or COMPLETE(RealAudioIntegrationTest.kt:211)

OcrFieldExtractorTest > merged extraction captures available fields and reports gaps STANDARD_OUT
    === MERGED EXTRACTION RESULTS ===
    Roaster:       BEANSMITH'S COFFEE ROASTERY
    Origin:        ETHIOPIA
    Region:        GEDEB
    Variety:       HEIRLOOM
    Process:       WASHED
    Altitude:      N/A
    Tasting notes: LESN═ JAHODA, èVESTKA, YUZU, ZELEN¦ ?AJ
    Roast level:   FILTER
    Roast date:    09.12.25
    Weight:        250g

OcrFieldExtractorTest > back of bag extracts roast date STANDARD_OUT
    Roast date from back: 09.12.25

OcrFieldExtractorTest > front of bag attempts tasting notes extraction STANDARD_OUT
    Tasting notes from front: LESN═ JAHODA, èVESTKA, YUZU, ZELEN¦ ?AJ

Gradle Test Executor 5 finished executing tests.

> Task :app:testDebugUnitTest FAILED

285 tests completed, 1 failed
Generating HTML test report...
Finished generating test html results (0.143 secs) into: C:\Users\adam-\GitHub\StarlitCoffee\app\build\reports\tests\testDebugUnitTest
Finished generating test XML results (0.038 secs) into: C:\Users\adam-\GitHub\StarlitCoffee\app\build\test-results\testDebugUnitTest

Build 3847a776-4134-4aa9-b67d-754cbdc0ace1 is closed
FAILURE: Build failed with an exception.

* What went wrong:
Execution failed for task ':app:testDebugUnitTest'.
> There were failing tests. See the report at: file:///C:/Users/adam-/GitHub/StarlitCoffee/app/build/reports/tests/testDebugUnitTest/index.html

* Try:
> Run with --scan to get full insights from a Build Scan (powered by Develocity).

BUILD FAILED in 3m 4s
26 actionable tasks: 4 executed, 22 up-to-date
Watched directory hierarchies: [C:\Users\adam-\GitHub\StarlitCoffee]
